// Jest Snapshot v1, https://goo.gl/fbAQLP

exports[`Counter snap shot render 1`] = `
<div>
  <p>
    1
  </p>
</div>
`;
